// Jest Snapshot v1, https://goo.gl/fbAQLP

exports[`<Grid /> It matches the snapshot with props dataGrid value 1`] = `
<div
  className="grid-container"
>
  <Cell
    handleCellClick={[Function]}
    id={0}
    invalid={false}
    key="0"
    prefilled={false}
    value={1}
  />
  <Cell
    handleCellClick={[Function]}
    id={1}
    invalid={true}
    key="1"
    prefilled={true}
    value={2}
  />
</div>
`;
